2026-09-09 18:10:16,928 INFO DEBUG_MODE=False
2026-09-09 18:10:16,928 INFO Request device=cuda selected device=cuda
2026-09-09 18:10:16,930 INFO Hardware GPU name=NVIDIA GeForce RTX 5060 Laptop GPU
2026-09-09 18:10:16,930 INFO STAGE 00: dataset initialization start
2026-09-09 18:10:16,932 INFO STAGE 01: datasets initialized train_len=352366 val_len=24119
2026-09-09 18:10:16,932 INFO STAGE 02: DataLoader creation start
2026-09-09 18:10:16,932 INFO STAGE 03: DataLoader created train_batches=11012 val_batches=754
2026-09-09 18:10:16,932 INFO STAGE 04: class-weight scan start
2026-09-09 18:10:16,963 INFO STAGE 05: class-weight scan complete counts_sum=352366.0
2026-09-09 18:10:17,045 INFO STAGE 06: class weights initialized class_weights=[1.874379277229309, 0.3888237774372101, 0.2997303605079651, 1.0980641841888428, 0.5759627223014832]
2026-09-09 18:10:17,045 INFO STAGE 07: model creation start
2026-09-09 18:10:17,049 INFO STAGE 08: model created
2026-09-09 18:10:17,049 INFO STAGE 09: optimizer creation start
2026-09-09 18:10:17,939 INFO STAGE 10: optimizer and scheduler created
2026-09-09 18:10:17,940 INFO Device: cuda
2026-09-09 18:10:17,940 INFO GPU: NVIDIA GeForce RTX 5060 Laptop GPU
2026-09-09 18:10:17,941 INFO Training epochs=3 batch_size=32 lr=0.001 class_imbalance_strategy=inverse-frequency class-weighted cross entropy
2026-09-09 18:10:17,941 INFO EPOCH 1 START
2026-09-09 18:10:17,941 INFO STAGE 11: train epoch 1 start
2026-09-09 18:10:17,941 INFO run_epoch start training=True device=cuda max_batches=None
2026-09-09 18:10:18,265 INFO BATCH HEARTBEAT batch_idx=0 training=True samples=32 elapsed_seconds=0.3018
2026-09-09 18:10:22,609 INFO BATCH HEARTBEAT batch_idx=100 training=True samples=3232 elapsed_seconds=0.0051
2026-09-09 18:10:27,043 INFO BATCH HEARTBEAT batch_idx=200 training=True samples=6432 elapsed_seconds=0.0052
2026-09-09 18:10:31,256 INFO BATCH HEARTBEAT batch_idx=300 training=True samples=9632 elapsed_seconds=0.0052
2026-09-09 18:10:35,526 INFO BATCH HEARTBEAT batch_idx=400 training=True samples=12832 elapsed_seconds=0.0057
2026-09-09 18:10:39,805 INFO BATCH HEARTBEAT batch_idx=500 training=True samples=16032 elapsed_seconds=0.0044
2026-09-09 18:10:44,102 INFO BATCH HEARTBEAT batch_idx=600 training=True samples=19232 elapsed_seconds=0.0048
2026-09-09 18:10:48,415 INFO BATCH HEARTBEAT batch_idx=700 training=True samples=22432 elapsed_seconds=0.0047
2026-09-09 18:10:52,711 INFO BATCH HEARTBEAT batch_idx=800 training=True samples=25632 elapsed_seconds=0.0045
2026-09-09 18:10:57,079 INFO BATCH HEARTBEAT batch_idx=900 training=True samples=28832 elapsed_seconds=0.0094
2026-09-09 18:11:01,714 INFO BATCH HEARTBEAT batch_idx=1000 training=True samples=32032 elapsed_seconds=0.0046
2026-09-09 18:11:06,485 INFO BATCH HEARTBEAT batch_idx=1100 training=True samples=35232 elapsed_seconds=0.0046
2026-09-09 18:11:11,114 INFO BATCH HEARTBEAT batch_idx=1200 training=True samples=38432 elapsed_seconds=0.0046
2026-09-09 18:11:15,790 INFO BATCH HEARTBEAT batch_idx=1300 training=True samples=41632 elapsed_seconds=0.0071
2026-09-09 18:11:20,356 INFO BATCH HEARTBEAT batch_idx=1400 training=True samples=44832 elapsed_seconds=0.0047
2026-09-09 18:11:25,008 INFO BATCH HEARTBEAT batch_idx=1500 training=True samples=48032 elapsed_seconds=0.0056
2026-09-09 18:11:29,687 INFO BATCH HEARTBEAT batch_idx=1600 training=True samples=51232 elapsed_seconds=0.0044
2026-09-09 18:11:36,010 INFO BATCH HEARTBEAT batch_idx=1700 training=True samples=54432 elapsed_seconds=0.0182
2026-09-09 18:11:44,053 INFO BATCH HEARTBEAT batch_idx=1800 training=True samples=57632 elapsed_seconds=0.0193
2026-09-09 18:11:49,604 INFO BATCH HEARTBEAT batch_idx=1900 training=True samples=60832 elapsed_seconds=0.0053
2026-09-09 18:11:54,315 INFO BATCH HEARTBEAT batch_idx=2000 training=True samples=64032 elapsed_seconds=0.0040
2026-09-09 18:11:58,975 INFO BATCH HEARTBEAT batch_idx=2100 training=True samples=67232 elapsed_seconds=0.0045
2026-09-09 18:12:03,672 INFO BATCH HEARTBEAT batch_idx=2200 training=True samples=70432 elapsed_seconds=0.0069
2026-09-09 18:12:08,302 INFO BATCH HEARTBEAT batch_idx=2300 training=True samples=73632 elapsed_seconds=0.0047
2026-09-09 18:12:12,884 INFO BATCH HEARTBEAT batch_idx=2400 training=True samples=76832 elapsed_seconds=0.0052
2026-09-09 18:12:17,535 INFO BATCH HEARTBEAT batch_idx=2500 training=True samples=80032 elapsed_seconds=0.0045
2026-09-09 18:12:22,164 INFO BATCH HEARTBEAT batch_idx=2600 training=True samples=83232 elapsed_seconds=0.0053
2026-09-09 18:12:26,817 INFO BATCH HEARTBEAT batch_idx=2700 training=True samples=86432 elapsed_seconds=0.0043
2026-09-09 18:12:31,412 INFO BATCH HEARTBEAT batch_idx=2800 training=True samples=89632 elapsed_seconds=0.0043
2026-09-09 18:12:36,021 INFO BATCH HEARTBEAT batch_idx=2900 training=True samples=92832 elapsed_seconds=0.0093
2026-09-09 18:12:41,040 INFO BATCH HEARTBEAT batch_idx=3000 training=True samples=96032 elapsed_seconds=0.0051
2026-09-09 18:12:45,953 INFO BATCH HEARTBEAT batch_idx=3100 training=True samples=99232 elapsed_seconds=0.0056
2026-09-09 18:12:50,933 INFO BATCH HEARTBEAT batch_idx=3200 training=True samples=102432 elapsed_seconds=0.0055
2026-09-09 18:12:55,904 INFO BATCH HEARTBEAT batch_idx=3300 training=True samples=105632 elapsed_seconds=0.0063
2026-09-09 18:13:00,874 INFO BATCH HEARTBEAT batch_idx=3400 training=True samples=108832 elapsed_seconds=0.0051
2026-09-09 18:13:05,904 INFO BATCH HEARTBEAT batch_idx=3500 training=True samples=112032 elapsed_seconds=0.0055
2026-09-09 18:13:10,900 INFO BATCH HEARTBEAT batch_idx=3600 training=True samples=115232 elapsed_seconds=0.0054
2026-09-09 18:13:15,932 INFO BATCH HEARTBEAT batch_idx=3700 training=True samples=118432 elapsed_seconds=0.0051
2026-09-09 18:13:20,924 INFO BATCH HEARTBEAT batch_idx=3800 training=True samples=121632 elapsed_seconds=0.0052
2026-09-09 18:13:25,961 INFO BATCH HEARTBEAT batch_idx=3900 training=True samples=124832 elapsed_seconds=0.0049
2026-09-09 18:13:30,962 INFO BATCH HEARTBEAT batch_idx=4000 training=True samples=128032 elapsed_seconds=0.0065
2026-09-09 18:13:36,048 INFO BATCH HEARTBEAT batch_idx=4100 training=True samples=131232 elapsed_seconds=0.0054
2026-09-09 18:13:41,197 INFO BATCH HEARTBEAT batch_idx=4200 training=True samples=134432 elapsed_seconds=0.0054
2026-09-09 18:13:46,090 INFO BATCH HEARTBEAT batch_idx=4300 training=True samples=137632 elapsed_seconds=0.0054
2026-09-09 18:13:51,010 INFO BATCH HEARTBEAT batch_idx=4400 training=True samples=140832 elapsed_seconds=0.0047
2026-09-09 18:13:55,885 INFO BATCH HEARTBEAT batch_idx=4500 training=True samples=144032 elapsed_seconds=0.0052
2026-09-09 18:14:00,821 INFO BATCH HEARTBEAT batch_idx=4600 training=True samples=147232 elapsed_seconds=0.0050
2026-09-09 18:14:05,745 INFO BATCH HEARTBEAT batch_idx=4700 training=True samples=150432 elapsed_seconds=0.0049
2026-09-09 18:14:10,332 INFO BATCH HEARTBEAT batch_idx=4800 training=True samples=153632 elapsed_seconds=0.0046
2026-09-09 18:14:14,886 INFO BATCH HEARTBEAT batch_idx=4900 training=True samples=156832 elapsed_seconds=0.0043
2026-09-09 18:14:19,471 INFO BATCH HEARTBEAT batch_idx=5000 training=True samples=160032 elapsed_seconds=0.0046
2026-09-09 18:14:24,034 INFO BATCH HEARTBEAT batch_idx=5100 training=True samples=163232 elapsed_seconds=0.0048
2026-09-09 18:14:28,570 INFO BATCH HEARTBEAT batch_idx=5200 training=True samples=166432 elapsed_seconds=0.0045
2026-09-09 18:14:33,186 INFO BATCH HEARTBEAT batch_idx=5300 training=True samples=169632 elapsed_seconds=0.0047
2026-09-09 18:14:37,740 INFO BATCH HEARTBEAT batch_idx=5400 training=True samples=172832 elapsed_seconds=0.0052
2026-09-09 18:14:42,313 INFO BATCH HEARTBEAT batch_idx=5500 training=True samples=176032 elapsed_seconds=0.0046
2026-09-09 18:14:46,831 INFO BATCH HEARTBEAT batch_idx=5600 training=True samples=179232 elapsed_seconds=0.0056
2026-09-09 18:14:51,435 INFO BATCH HEARTBEAT batch_idx=5700 training=True samples=182432 elapsed_seconds=0.0045
2026-09-09 18:14:56,143 INFO BATCH HEARTBEAT batch_idx=5800 training=True samples=185632 elapsed_seconds=0.0045
2026-09-09 18:15:00,729 INFO BATCH HEARTBEAT batch_idx=5900 training=True samples=188832 elapsed_seconds=0.0091
2026-09-09 18:15:05,317 INFO BATCH HEARTBEAT batch_idx=6000 training=True samples=192032 elapsed_seconds=0.0070
2026-09-09 18:15:09,860 INFO BATCH HEARTBEAT batch_idx=6100 training=True samples=195232 elapsed_seconds=0.0043
2026-09-09 18:15:14,415 INFO BATCH HEARTBEAT batch_idx=6200 training=True samples=198432 elapsed_seconds=0.0043
2026-09-09 18:15:18,932 INFO BATCH HEARTBEAT batch_idx=6300 training=True samples=201632 elapsed_seconds=0.0051
2026-09-09 18:15:23,483 INFO BATCH HEARTBEAT batch_idx=6400 training=True samples=204832 elapsed_seconds=0.0046
2026-09-09 18:15:28,107 INFO BATCH HEARTBEAT batch_idx=6500 training=True samples=208032 elapsed_seconds=0.0041
2026-09-09 18:15:32,605 INFO BATCH HEARTBEAT batch_idx=6600 training=True samples=211232 elapsed_seconds=0.0044
2026-09-09 18:15:37,126 INFO BATCH HEARTBEAT batch_idx=6700 training=True samples=214432 elapsed_seconds=0.0045
2026-09-09 18:15:41,663 INFO BATCH HEARTBEAT batch_idx=6800 training=True samples=217632 elapsed_seconds=0.0047
2026-09-09 18:15:46,216 INFO BATCH HEARTBEAT batch_idx=6900 training=True samples=220832 elapsed_seconds=0.0043
2026-09-09 18:15:50,922 INFO BATCH HEARTBEAT batch_idx=7000 training=True samples=224032 elapsed_seconds=0.0066
2026-09-09 18:15:55,536 INFO BATCH HEARTBEAT batch_idx=7100 training=True samples=227232 elapsed_seconds=0.0053
2026-09-09 18:16:00,227 INFO BATCH HEARTBEAT batch_idx=7200 training=True samples=230432 elapsed_seconds=0.0053
2026-09-09 18:16:04,917 INFO BATCH HEARTBEAT batch_idx=7300 training=True samples=233632 elapsed_seconds=0.0046
2026-09-09 18:16:09,601 INFO BATCH HEARTBEAT batch_idx=7400 training=True samples=236832 elapsed_seconds=0.0052
2026-09-09 18:16:14,282 INFO BATCH HEARTBEAT batch_idx=7500 training=True samples=240032 elapsed_seconds=0.0095
2026-09-09 18:16:21,173 INFO BATCH HEARTBEAT batch_idx=7600 training=True samples=243232 elapsed_seconds=0.0046
2026-09-09 18:16:25,762 INFO BATCH HEARTBEAT batch_idx=7700 training=True samples=246432 elapsed_seconds=0.0050
2026-09-09 18:16:30,330 INFO BATCH HEARTBEAT batch_idx=7800 training=True samples=249632 elapsed_seconds=0.0046
2026-09-09 18:16:34,885 INFO BATCH HEARTBEAT batch_idx=7900 training=True samples=252832 elapsed_seconds=0.0051
2026-09-09 18:16:39,428 INFO BATCH HEARTBEAT batch_idx=8000 training=True samples=256032 elapsed_seconds=0.0044
2026-09-09 18:16:43,960 INFO BATCH HEARTBEAT batch_idx=8100 training=True samples=259232 elapsed_seconds=0.0044
2026-09-09 18:16:48,474 INFO BATCH HEARTBEAT batch_idx=8200 training=True samples=262432 elapsed_seconds=0.0054
2026-09-09 18:16:52,989 INFO BATCH HEARTBEAT batch_idx=8300 training=True samples=265632 elapsed_seconds=0.0045
2026-09-09 18:16:57,539 INFO BATCH HEARTBEAT batch_idx=8400 training=True samples=268832 elapsed_seconds=0.0052
2026-09-09 18:17:02,099 INFO BATCH HEARTBEAT batch_idx=8500 training=True samples=272032 elapsed_seconds=0.0044
2026-09-09 18:17:06,656 INFO BATCH HEARTBEAT batch_idx=8600 training=True samples=275232 elapsed_seconds=0.0044
2026-09-09 18:17:11,247 INFO BATCH HEARTBEAT batch_idx=8700 training=True samples=278432 elapsed_seconds=0.0067
2026-09-09 18:17:15,808 INFO BATCH HEARTBEAT batch_idx=8800 training=True samples=281632 elapsed_seconds=0.0044
2026-09-09 18:17:20,348 INFO BATCH HEARTBEAT batch_idx=8900 training=True samples=284832 elapsed_seconds=0.0052
2026-09-09 18:17:24,938 INFO BATCH HEARTBEAT batch_idx=9000 training=True samples=288032 elapsed_seconds=0.0047
2026-09-09 18:17:29,509 INFO BATCH HEARTBEAT batch_idx=9100 training=True samples=291232 elapsed_seconds=0.0042
2026-09-09 18:17:34,047 INFO BATCH HEARTBEAT batch_idx=9200 training=True samples=294432 elapsed_seconds=0.0044
2026-09-09 18:17:38,606 INFO BATCH HEARTBEAT batch_idx=9300 training=True samples=297632 elapsed_seconds=0.0041
2026-09-09 18:17:43,210 INFO BATCH HEARTBEAT batch_idx=9400 training=True samples=300832 elapsed_seconds=0.0053
2026-09-09 18:17:47,809 INFO BATCH HEARTBEAT batch_idx=9500 training=True samples=304032 elapsed_seconds=0.0042
2026-09-09 18:17:52,309 INFO BATCH HEARTBEAT batch_idx=9600 training=True samples=307232 elapsed_seconds=0.0050
2026-09-09 18:17:57,029 INFO BATCH HEARTBEAT batch_idx=9700 training=True samples=310432 elapsed_seconds=0.0045
2026-09-09 18:18:01,707 INFO BATCH HEARTBEAT batch_idx=9800 training=True samples=313632 elapsed_seconds=0.0045
2026-09-09 18:18:06,260 INFO BATCH HEARTBEAT batch_idx=9900 training=True samples=316832 elapsed_seconds=0.0044
2026-09-09 18:18:10,803 INFO BATCH HEARTBEAT batch_idx=10000 training=True samples=320032 elapsed_seconds=0.0048
2026-09-09 18:18:15,382 INFO BATCH HEARTBEAT batch_idx=10100 training=True samples=323232 elapsed_seconds=0.0043
2026-09-09 18:18:19,921 INFO BATCH HEARTBEAT batch_idx=10200 training=True samples=326432 elapsed_seconds=0.0048
2026-09-09 18:18:24,488 INFO BATCH HEARTBEAT batch_idx=10300 training=True samples=329632 elapsed_seconds=0.0050
2026-09-09 18:18:29,085 INFO BATCH HEARTBEAT batch_idx=10400 training=True samples=332832 elapsed_seconds=0.0070
2026-09-09 18:18:33,631 INFO BATCH HEARTBEAT batch_idx=10500 training=True samples=336032 elapsed_seconds=0.0058
2026-09-09 18:18:38,194 INFO BATCH HEARTBEAT batch_idx=10600 training=True samples=339232 elapsed_seconds=0.0045
2026-09-09 18:18:42,735 INFO BATCH HEARTBEAT batch_idx=10700 training=True samples=342432 elapsed_seconds=0.0046
2026-09-09 18:18:47,311 INFO BATCH HEARTBEAT batch_idx=10800 training=True samples=345632 elapsed_seconds=0.0048
2026-09-09 18:18:51,818 INFO BATCH HEARTBEAT batch_idx=10900 training=True samples=348832 elapsed_seconds=0.0041
2026-09-09 18:18:56,341 INFO BATCH HEARTBEAT batch_idx=11000 training=True samples=352032 elapsed_seconds=0.0045
2026-09-09 18:18:57,798 INFO run_epoch end training=True batches_seen=352366 loss_avg=0.942260
2026-09-09 18:18:57,804 INFO STAGE 12: validation epoch 1 start
2026-09-09 18:18:57,805 INFO run_epoch start training=False device=cuda max_batches=None
2026-09-09 18:18:57,851 INFO BATCH HEARTBEAT batch_idx=0 training=False samples=32 elapsed_seconds=0.0075
2026-09-09 18:19:01,565 INFO BATCH HEARTBEAT batch_idx=100 training=False samples=3232 elapsed_seconds=0.0018
2026-09-09 18:19:05,280 INFO BATCH HEARTBEAT batch_idx=200 training=False samples=6432 elapsed_seconds=0.0023
2026-09-09 18:19:09,044 INFO BATCH HEARTBEAT batch_idx=300 training=False samples=9632 elapsed_seconds=0.0024
2026-09-09 18:19:12,776 INFO BATCH HEARTBEAT batch_idx=400 training=False samples=12832 elapsed_seconds=0.0036
2026-09-09 18:19:16,362 INFO BATCH HEARTBEAT batch_idx=500 training=False samples=16032 elapsed_seconds=0.0021
2026-09-09 18:19:19,897 INFO BATCH HEARTBEAT batch_idx=600 training=False samples=19232 elapsed_seconds=0.0026
2026-09-09 18:19:23,596 INFO BATCH HEARTBEAT batch_idx=700 training=False samples=22432 elapsed_seconds=0.0019
2026-09-09 18:19:25,668 INFO run_epoch end training=False batches_seen=24119 loss_avg=2.602500
2026-09-09 18:19:25,668 INFO STAGE 13: scheduler step epoch 1
2026-09-09 18:19:25,668 INFO STAGE 14: checkpoint save start epoch 1 path=<machine-local-data-root>\github_datasets\So2Sat-LCZ42\experiment_v2_recovery\checkpoints\epoch_001.pt
2026-09-09 18:19:25,693 INFO STAGE 15: checkpoint save complete epoch 1
2026-09-09 18:19:25,699 INFO STAGE 16: best checkpoint saved epoch 1 val_macro_f1=0.369927
2026-09-09 18:19:25,699 INFO epoch=1 train_loss=0.9423 val_loss=2.6025 val_acc=0.4672 val_bal_acc=0.4267 val_macro_f1=0.3699 lr=0.001000
2026-09-09 18:19:25,699 INFO EPOCH 2 START
2026-09-09 18:19:25,699 INFO STAGE 11: train epoch 2 start
2026-09-09 18:19:25,699 INFO run_epoch start training=True device=cuda max_batches=None
2026-09-09 18:19:25,765 INFO BATCH HEARTBEAT batch_idx=0 training=True samples=32 elapsed_seconds=0.0060
2026-09-09 18:19:30,290 INFO BATCH HEARTBEAT batch_idx=100 training=True samples=3232 elapsed_seconds=0.0049
2026-09-09 18:19:34,978 INFO BATCH HEARTBEAT batch_idx=200 training=True samples=6432 elapsed_seconds=0.0046
2026-09-09 18:19:39,715 INFO BATCH HEARTBEAT batch_idx=300 training=True samples=9632 elapsed_seconds=0.0051
2026-09-09 18:19:44,480 INFO BATCH HEARTBEAT batch_idx=400 training=True samples=12832 elapsed_seconds=0.0063
2026-09-09 18:19:49,213 INFO BATCH HEARTBEAT batch_idx=500 training=True samples=16032 elapsed_seconds=0.0058
2026-09-09 18:19:54,060 INFO BATCH HEARTBEAT batch_idx=600 training=True samples=19232 elapsed_seconds=0.0050
2026-09-09 18:19:58,921 INFO BATCH HEARTBEAT batch_idx=700 training=True samples=22432 elapsed_seconds=0.0053
2026-09-09 18:20:03,790 INFO BATCH HEARTBEAT batch_idx=800 training=True samples=25632 elapsed_seconds=0.0050
2026-09-09 18:20:08,715 INFO BATCH HEARTBEAT batch_idx=900 training=True samples=28832 elapsed_seconds=0.0049
2026-09-09 18:20:13,648 INFO BATCH HEARTBEAT batch_idx=1000 training=True samples=32032 elapsed_seconds=0.0060
2026-09-09 18:20:18,566 INFO BATCH HEARTBEAT batch_idx=1100 training=True samples=35232 elapsed_seconds=0.0044
2026-09-09 18:20:23,505 INFO BATCH HEARTBEAT batch_idx=1200 training=True samples=38432 elapsed_seconds=0.0053
2026-09-09 18:20:28,096 INFO BATCH HEARTBEAT batch_idx=1300 training=True samples=41632 elapsed_seconds=0.0051
2026-09-09 18:20:32,701 INFO BATCH HEARTBEAT batch_idx=1400 training=True samples=44832 elapsed_seconds=0.0050
2026-09-09 18:20:37,291 INFO BATCH HEARTBEAT batch_idx=1500 training=True samples=48032 elapsed_seconds=0.0043
2026-09-09 18:20:41,585 INFO BATCH HEARTBEAT batch_idx=1600 training=True samples=51232 elapsed_seconds=0.0048
2026-09-09 18:20:45,836 INFO BATCH HEARTBEAT batch_idx=1700 training=True samples=54432 elapsed_seconds=0.0044
2026-09-09 18:20:50,333 INFO BATCH HEARTBEAT batch_idx=1800 training=True samples=57632 elapsed_seconds=0.0050
2026-09-09 18:20:54,841 INFO BATCH HEARTBEAT batch_idx=1900 training=True samples=60832 elapsed_seconds=0.0052
2026-09-09 18:20:59,518 INFO BATCH HEARTBEAT batch_idx=2000 training=True samples=64032 elapsed_seconds=0.0041
2026-09-09 18:21:04,021 INFO BATCH HEARTBEAT batch_idx=2100 training=True samples=67232 elapsed_seconds=0.0054
2026-09-09 18:21:08,602 INFO BATCH HEARTBEAT batch_idx=2200 training=True samples=70432 elapsed_seconds=0.0053
2026-09-09 18:21:13,179 INFO BATCH HEARTBEAT batch_idx=2300 training=True samples=73632 elapsed_seconds=0.0046
2026-09-09 18:21:17,735 INFO BATCH HEARTBEAT batch_idx=2400 training=True samples=76832 elapsed_seconds=0.0057
2026-09-09 18:21:22,356 INFO BATCH HEARTBEAT batch_idx=2500 training=True samples=80032 elapsed_seconds=0.0044
2026-09-09 18:21:26,942 INFO BATCH HEARTBEAT batch_idx=2600 training=True samples=83232 elapsed_seconds=0.0043
2026-09-09 18:21:31,485 INFO BATCH HEARTBEAT batch_idx=2700 training=True samples=86432 elapsed_seconds=0.0057
2026-09-09 18:21:36,023 INFO BATCH HEARTBEAT batch_idx=2800 training=True samples=89632 elapsed_seconds=0.0052
2026-09-09 18:21:40,579 INFO BATCH HEARTBEAT batch_idx=2900 training=True samples=92832 elapsed_seconds=0.0045
2026-09-09 18:21:45,171 INFO BATCH HEARTBEAT batch_idx=3000 training=True samples=96032 elapsed_seconds=0.0045
2026-09-09 18:21:49,651 INFO BATCH HEARTBEAT batch_idx=3100 training=True samples=99232 elapsed_seconds=0.0047
2026-09-09 18:21:54,183 INFO BATCH HEARTBEAT batch_idx=3200 training=True samples=102432 elapsed_seconds=0.0043
2026-09-09 18:21:58,706 INFO BATCH HEARTBEAT batch_idx=3300 training=True samples=105632 elapsed_seconds=0.0049
2026-09-09 18:22:03,272 INFO BATCH HEARTBEAT batch_idx=3400 training=True samples=108832 elapsed_seconds=0.0058
2026-09-09 18:22:07,807 INFO BATCH HEARTBEAT batch_idx=3500 training=True samples=112032 elapsed_seconds=0.0047
2026-09-09 18:22:12,371 INFO BATCH HEARTBEAT batch_idx=3600 training=True samples=115232 elapsed_seconds=0.0049
2026-09-09 18:22:16,962 INFO BATCH HEARTBEAT batch_idx=3700 training=True samples=118432 elapsed_seconds=0.0043
2026-09-09 18:22:21,540 INFO BATCH HEARTBEAT batch_idx=3800 training=True samples=121632 elapsed_seconds=0.0043
2026-09-09 18:22:26,124 INFO BATCH HEARTBEAT batch_idx=3900 training=True samples=124832 elapsed_seconds=0.0065
2026-09-09 18:22:30,670 INFO BATCH HEARTBEAT batch_idx=4000 training=True samples=128032 elapsed_seconds=0.0045
2026-09-09 18:22:35,256 INFO BATCH HEARTBEAT batch_idx=4100 training=True samples=131232 elapsed_seconds=0.0047
2026-09-09 18:22:39,822 INFO BATCH HEARTBEAT batch_idx=4200 training=True samples=134432 elapsed_seconds=0.0046
2026-09-09 18:22:44,410 INFO BATCH HEARTBEAT batch_idx=4300 training=True samples=137632 elapsed_seconds=0.0042
2026-09-09 18:22:48,987 INFO BATCH HEARTBEAT batch_idx=4400 training=True samples=140832 elapsed_seconds=0.0042
2026-09-09 18:22:53,505 INFO BATCH HEARTBEAT batch_idx=4500 training=True samples=144032 elapsed_seconds=0.0058
2026-09-09 18:22:58,054 INFO BATCH HEARTBEAT batch_idx=4600 training=True samples=147232 elapsed_seconds=0.0041
2026-09-09 18:23:02,642 INFO BATCH HEARTBEAT batch_idx=4700 training=True samples=150432 elapsed_seconds=0.0045
2026-09-09 18:23:07,266 INFO BATCH HEARTBEAT batch_idx=4800 training=True samples=153632 elapsed_seconds=0.0056
2026-09-09 18:23:11,839 INFO BATCH HEARTBEAT batch_idx=4900 training=True samples=156832 elapsed_seconds=0.0053
2026-09-09 18:23:16,394 INFO BATCH HEARTBEAT batch_idx=5000 training=True samples=160032 elapsed_seconds=0.0043
2026-09-09 18:23:20,934 INFO BATCH HEARTBEAT batch_idx=5100 training=True samples=163232 elapsed_seconds=0.0049
2026-09-09 18:23:25,480 INFO BATCH HEARTBEAT batch_idx=5200 training=True samples=166432 elapsed_seconds=0.0044
2026-09-09 18:23:30,077 INFO BATCH HEARTBEAT batch_idx=5300 training=True samples=169632 elapsed_seconds=0.0048
2026-09-09 18:23:34,650 INFO BATCH HEARTBEAT batch_idx=5400 training=True samples=172832 elapsed_seconds=0.0043
2026-09-09 18:23:39,255 INFO BATCH HEARTBEAT batch_idx=5500 training=True samples=176032 elapsed_seconds=0.0046
2026-09-09 18:23:43,928 INFO BATCH HEARTBEAT batch_idx=5600 training=True samples=179232 elapsed_seconds=0.0043
2026-09-09 18:23:48,424 INFO BATCH HEARTBEAT batch_idx=5700 training=True samples=182432 elapsed_seconds=0.0054
2026-09-09 18:23:52,966 INFO BATCH HEARTBEAT batch_idx=5800 training=True samples=185632 elapsed_seconds=0.0049
2026-09-09 18:23:57,559 INFO BATCH HEARTBEAT batch_idx=5900 training=True samples=188832 elapsed_seconds=0.0052
2026-09-09 18:24:02,449 INFO BATCH HEARTBEAT batch_idx=6000 training=True samples=192032 elapsed_seconds=0.0045
2026-09-09 18:24:07,086 INFO BATCH HEARTBEAT batch_idx=6100 training=True samples=195232 elapsed_seconds=0.0053
2026-09-09 18:24:11,757 INFO BATCH HEARTBEAT batch_idx=6200 training=True samples=198432 elapsed_seconds=0.0046
2026-09-09 18:24:16,368 INFO BATCH HEARTBEAT batch_idx=6300 training=True samples=201632 elapsed_seconds=0.0044
2026-09-09 18:24:20,911 INFO BATCH HEARTBEAT batch_idx=6400 training=True samples=204832 elapsed_seconds=0.0046
2026-09-09 18:24:25,462 INFO BATCH HEARTBEAT batch_idx=6500 training=True samples=208032 elapsed_seconds=0.0042
2026-09-09 18:24:30,087 INFO BATCH HEARTBEAT batch_idx=6600 training=True samples=211232 elapsed_seconds=0.0059
2026-09-09 18:24:34,765 INFO BATCH HEARTBEAT batch_idx=6700 training=True samples=214432 elapsed_seconds=0.0048
2026-09-09 18:24:39,335 INFO BATCH HEARTBEAT batch_idx=6800 training=True samples=217632 elapsed_seconds=0.0042
2026-09-09 18:24:43,961 INFO BATCH HEARTBEAT batch_idx=6900 training=True samples=220832 elapsed_seconds=0.0043
2026-09-09 18:24:48,551 INFO BATCH HEARTBEAT batch_idx=7000 training=True samples=224032 elapsed_seconds=0.0043
2026-09-09 18:24:53,141 INFO BATCH HEARTBEAT batch_idx=7100 training=True samples=227232 elapsed_seconds=0.0054
2026-09-09 18:24:57,772 INFO BATCH HEARTBEAT batch_idx=7200 training=True samples=230432 elapsed_seconds=0.0048
2026-09-09 18:25:02,366 INFO BATCH HEARTBEAT batch_idx=7300 training=True samples=233632 elapsed_seconds=0.0045
2026-09-09 18:25:07,004 INFO BATCH HEARTBEAT batch_idx=7400 training=True samples=236832 elapsed_seconds=0.0050
2026-09-09 18:25:11,608 INFO BATCH HEARTBEAT batch_idx=7500 training=True samples=240032 elapsed_seconds=0.0058
2026-09-09 18:25:16,221 INFO BATCH HEARTBEAT batch_idx=7600 training=True samples=243232 elapsed_seconds=0.0045
2026-09-09 18:25:20,831 INFO BATCH HEARTBEAT batch_idx=7700 training=True samples=246432 elapsed_seconds=0.0041
2026-09-09 18:25:25,440 INFO BATCH HEARTBEAT batch_idx=7800 training=True samples=249632 elapsed_seconds=0.0091
2026-09-09 18:25:29,998 INFO BATCH HEARTBEAT batch_idx=7900 training=True samples=252832 elapsed_seconds=0.0050
2026-09-09 18:25:34,581 INFO BATCH HEARTBEAT batch_idx=8000 training=True samples=256032 elapsed_seconds=0.0040
2026-09-09 18:25:39,142 INFO BATCH HEARTBEAT batch_idx=8100 training=True samples=259232 elapsed_seconds=0.0044
2026-09-09 18:25:43,748 INFO BATCH HEARTBEAT batch_idx=8200 training=True samples=262432 elapsed_seconds=0.0050
2026-09-09 18:25:48,280 INFO BATCH HEARTBEAT batch_idx=8300 training=True samples=265632 elapsed_seconds=0.0042
2026-09-09 18:25:52,862 INFO BATCH HEARTBEAT batch_idx=8400 training=True samples=268832 elapsed_seconds=0.0053
2026-09-09 18:25:57,440 INFO BATCH HEARTBEAT batch_idx=8500 training=True samples=272032 elapsed_seconds=0.0049
2026-09-09 18:26:01,979 INFO BATCH HEARTBEAT batch_idx=8600 training=True samples=275232 elapsed_seconds=0.0048
2026-09-09 18:26:06,554 INFO BATCH HEARTBEAT batch_idx=8700 training=True samples=278432 elapsed_seconds=0.0050
2026-09-09 18:26:11,091 INFO BATCH HEARTBEAT batch_idx=8800 training=True samples=281632 elapsed_seconds=0.0044
2026-09-09 18:26:15,698 INFO BATCH HEARTBEAT batch_idx=8900 training=True samples=284832 elapsed_seconds=0.0064
2026-09-09 18:26:20,268 INFO BATCH HEARTBEAT batch_idx=9000 training=True samples=288032 elapsed_seconds=0.0063
2026-09-09 18:26:24,878 INFO BATCH HEARTBEAT batch_idx=9100 training=True samples=291232 elapsed_seconds=0.0045
2026-09-09 18:26:29,452 INFO BATCH HEARTBEAT batch_idx=9200 training=True samples=294432 elapsed_seconds=0.0059
2026-09-09 18:26:34,012 INFO BATCH HEARTBEAT batch_idx=9300 training=True samples=297632 elapsed_seconds=0.0042
2026-09-09 18:26:38,588 INFO BATCH HEARTBEAT batch_idx=9400 training=True samples=300832 elapsed_seconds=0.0049
2026-09-09 18:26:43,197 INFO BATCH HEARTBEAT batch_idx=9500 training=True samples=304032 elapsed_seconds=0.0049
2026-09-09 18:26:47,721 INFO BATCH HEARTBEAT batch_idx=9600 training=True samples=307232 elapsed_seconds=0.0045
2026-09-09 18:26:52,291 INFO BATCH HEARTBEAT batch_idx=9700 training=True samples=310432 elapsed_seconds=0.0043
2026-09-09 18:26:56,863 INFO BATCH HEARTBEAT batch_idx=9800 training=True samples=313632 elapsed_seconds=0.0051
2026-09-09 18:27:01,445 INFO BATCH HEARTBEAT batch_idx=9900 training=True samples=316832 elapsed_seconds=0.0044
2026-09-09 18:27:06,178 INFO BATCH HEARTBEAT batch_idx=10000 training=True samples=320032 elapsed_seconds=0.0042
2026-09-09 18:27:10,755 INFO BATCH HEARTBEAT batch_idx=10100 training=True samples=323232 elapsed_seconds=0.0046
2026-09-09 18:27:15,391 INFO BATCH HEARTBEAT batch_idx=10200 training=True samples=326432 elapsed_seconds=0.0052
2026-09-09 18:27:19,999 INFO BATCH HEARTBEAT batch_idx=10300 training=True samples=329632 elapsed_seconds=0.0081
2026-09-09 18:27:24,573 INFO BATCH HEARTBEAT batch_idx=10400 training=True samples=332832 elapsed_seconds=0.0042
2026-09-09 18:27:29,175 INFO BATCH HEARTBEAT batch_idx=10500 training=True samples=336032 elapsed_seconds=0.0044
2026-09-09 18:27:33,752 INFO BATCH HEARTBEAT batch_idx=10600 training=True samples=339232 elapsed_seconds=0.0065
2026-09-09 18:27:38,419 INFO BATCH HEARTBEAT batch_idx=10700 training=True samples=342432 elapsed_seconds=0.0055
2026-09-09 18:27:43,018 INFO BATCH HEARTBEAT batch_idx=10800 training=True samples=345632 elapsed_seconds=0.0045
2026-09-09 18:27:47,622 INFO BATCH HEARTBEAT batch_idx=10900 training=True samples=348832 elapsed_seconds=0.0043
2026-09-09 18:27:52,233 INFO BATCH HEARTBEAT batch_idx=11000 training=True samples=352032 elapsed_seconds=0.0051
2026-09-09 18:27:53,635 INFO run_epoch end training=True batches_seen=352366 loss_avg=0.674761
2026-09-09 18:27:53,636 INFO STAGE 12: validation epoch 2 start
2026-09-09 18:27:53,636 INFO run_epoch start training=False device=cuda max_batches=None
2026-09-09 18:27:53,679 INFO BATCH HEARTBEAT batch_idx=0 training=False samples=32 elapsed_seconds=0.0023
2026-09-09 18:27:57,391 INFO BATCH HEARTBEAT batch_idx=100 training=False samples=3232 elapsed_seconds=0.0017
2026-09-09 18:28:01,112 INFO BATCH HEARTBEAT batch_idx=200 training=False samples=6432 elapsed_seconds=0.0022
2026-09-09 18:28:04,546 INFO BATCH HEARTBEAT batch_idx=300 training=False samples=9632 elapsed_seconds=0.0018
2026-09-09 18:28:07,976 INFO BATCH HEARTBEAT batch_idx=400 training=False samples=12832 elapsed_seconds=0.0018
2026-09-09 18:28:11,401 INFO BATCH HEARTBEAT batch_idx=500 training=False samples=16032 elapsed_seconds=0.0023
2026-09-09 18:28:14,825 INFO BATCH HEARTBEAT batch_idx=600 training=False samples=19232 elapsed_seconds=0.0019
2026-09-09 18:28:18,248 INFO BATCH HEARTBEAT batch_idx=700 training=False samples=22432 elapsed_seconds=0.0020
2026-09-09 18:28:20,111 INFO run_epoch end training=False batches_seen=24119 loss_avg=3.828329
2026-09-09 18:28:20,112 INFO STAGE 13: scheduler step epoch 2
2026-09-09 18:28:20,112 INFO STAGE 14: checkpoint save start epoch 2 path=<machine-local-data-root>\github_datasets\So2Sat-LCZ42\experiment_v2_recovery\checkpoints\epoch_002.pt
2026-09-09 18:28:20,121 INFO STAGE 15: checkpoint save complete epoch 2
2026-09-09 18:28:20,121 INFO STAGE 16: no improvement epoch 2 stale_epochs=1
2026-09-09 18:28:20,121 INFO epoch=2 train_loss=0.6748 val_loss=3.8283 val_acc=0.4779 val_bal_acc=0.4009 val_macro_f1=0.3531 lr=0.001000
2026-09-09 18:28:20,122 INFO EPOCH 3 START
2026-09-09 18:28:20,122 INFO STAGE 11: train epoch 3 start
2026-09-09 18:28:20,122 INFO run_epoch start training=True device=cuda max_batches=None
2026-09-09 18:28:20,179 INFO BATCH HEARTBEAT batch_idx=0 training=True samples=32 elapsed_seconds=0.0063
2026-09-09 18:28:24,338 INFO BATCH HEARTBEAT batch_idx=100 training=True samples=3232 elapsed_seconds=0.0042
2026-09-09 18:28:28,605 INFO BATCH HEARTBEAT batch_idx=200 training=True samples=6432 elapsed_seconds=0.0052
2026-09-09 18:28:32,877 INFO BATCH HEARTBEAT batch_idx=300 training=True samples=9632 elapsed_seconds=0.0054
2026-09-09 18:28:37,189 INFO BATCH HEARTBEAT batch_idx=400 training=True samples=12832 elapsed_seconds=0.0048
2026-09-09 18:28:41,549 INFO BATCH HEARTBEAT batch_idx=500 training=True samples=16032 elapsed_seconds=0.0044
2026-09-09 18:28:45,908 INFO BATCH HEARTBEAT batch_idx=600 training=True samples=19232 elapsed_seconds=0.0041
2026-09-09 18:28:50,336 INFO BATCH HEARTBEAT batch_idx=700 training=True samples=22432 elapsed_seconds=0.0042
2026-09-09 18:28:54,742 INFO BATCH HEARTBEAT batch_idx=800 training=True samples=25632 elapsed_seconds=0.0047
2026-09-09 18:28:59,229 INFO BATCH HEARTBEAT batch_idx=900 training=True samples=28832 elapsed_seconds=0.0070
2026-09-09 18:29:03,868 INFO BATCH HEARTBEAT batch_idx=1000 training=True samples=32032 elapsed_seconds=0.0056
2026-09-09 18:29:08,355 INFO BATCH HEARTBEAT batch_idx=1100 training=True samples=35232 elapsed_seconds=0.0043
2026-09-09 18:29:12,883 INFO BATCH HEARTBEAT batch_idx=1200 training=True samples=38432 elapsed_seconds=0.0051
2026-09-09 18:29:17,375 INFO BATCH HEARTBEAT batch_idx=1300 training=True samples=41632 elapsed_seconds=0.0049
2026-09-09 18:29:21,911 INFO BATCH HEARTBEAT batch_idx=1400 training=True samples=44832 elapsed_seconds=0.0047
2026-09-09 18:29:26,608 INFO BATCH HEARTBEAT batch_idx=1500 training=True samples=48032 elapsed_seconds=0.0042
2026-09-09 18:29:31,139 INFO BATCH HEARTBEAT batch_idx=1600 training=True samples=51232 elapsed_seconds=0.0045
2026-09-09 18:29:35,590 INFO BATCH HEARTBEAT batch_idx=1700 training=True samples=54432 elapsed_seconds=0.0054
2026-09-09 18:29:40,125 INFO BATCH HEARTBEAT batch_idx=1800 training=True samples=57632 elapsed_seconds=0.0054
2026-09-09 18:29:44,665 INFO BATCH HEARTBEAT batch_idx=1900 training=True samples=60832 elapsed_seconds=0.0043
2026-09-09 18:29:49,155 INFO BATCH HEARTBEAT batch_idx=2000 training=True samples=64032 elapsed_seconds=0.0044
2026-09-09 18:29:53,682 INFO BATCH HEARTBEAT batch_idx=2100 training=True samples=67232 elapsed_seconds=0.0051
2026-09-09 18:29:58,164 INFO BATCH HEARTBEAT batch_idx=2200 training=True samples=70432 elapsed_seconds=0.0073
2026-09-09 18:30:02,737 INFO BATCH HEARTBEAT batch_idx=2300 training=True samples=73632 elapsed_seconds=0.0044
2026-09-09 18:30:07,254 INFO BATCH HEARTBEAT batch_idx=2400 training=True samples=76832 elapsed_seconds=0.0068
2026-09-09 18:30:11,949 INFO BATCH HEARTBEAT batch_idx=2500 training=True samples=80032 elapsed_seconds=0.0046
2026-09-09 18:30:16,559 INFO BATCH HEARTBEAT batch_idx=2600 training=True samples=83232 elapsed_seconds=0.0053
2026-09-09 18:30:21,141 INFO BATCH HEARTBEAT batch_idx=2700 training=True samples=86432 elapsed_seconds=0.0044
2026-09-09 18:30:25,690 INFO BATCH HEARTBEAT batch_idx=2800 training=True samples=89632 elapsed_seconds=0.0051
2026-09-09 18:30:30,280 INFO BATCH HEARTBEAT batch_idx=2900 training=True samples=92832 elapsed_seconds=0.0066
2026-09-09 18:30:34,847 INFO BATCH HEARTBEAT batch_idx=3000 training=True samples=96032 elapsed_seconds=0.0044
2026-09-09 18:30:39,423 INFO BATCH HEARTBEAT batch_idx=3100 training=True samples=99232 elapsed_seconds=0.0055
2026-09-09 18:30:44,091 INFO BATCH HEARTBEAT batch_idx=3200 training=True samples=102432 elapsed_seconds=0.0044
2026-09-09 18:30:48,655 INFO BATCH HEARTBEAT batch_idx=3300 training=True samples=105632 elapsed_seconds=0.0045
2026-09-09 18:30:53,216 INFO BATCH HEARTBEAT batch_idx=3400 training=True samples=108832 elapsed_seconds=0.0048
2026-09-09 18:30:58,084 INFO BATCH HEARTBEAT batch_idx=3500 training=True samples=112032 elapsed_seconds=0.0060
2026-09-09 18:31:02,686 INFO BATCH HEARTBEAT batch_idx=3600 training=True samples=115232 elapsed_seconds=0.0041
2026-09-09 18:31:07,260 INFO BATCH HEARTBEAT batch_idx=3700 training=True samples=118432 elapsed_seconds=0.0051
2026-09-09 18:31:11,787 INFO BATCH HEARTBEAT batch_idx=3800 training=True samples=121632 elapsed_seconds=0.0049
2026-09-09 18:31:16,381 INFO BATCH HEARTBEAT batch_idx=3900 training=True samples=124832 elapsed_seconds=0.0053
2026-09-09 18:31:20,973 INFO BATCH HEARTBEAT batch_idx=4000 training=True samples=128032 elapsed_seconds=0.0043
2026-09-09 18:31:25,568 INFO BATCH HEARTBEAT batch_idx=4100 training=True samples=131232 elapsed_seconds=0.0046
2026-09-09 18:31:30,171 INFO BATCH HEARTBEAT batch_idx=4200 training=True samples=134432 elapsed_seconds=0.0048
2026-09-09 18:31:34,728 INFO BATCH HEARTBEAT batch_idx=4300 training=True samples=137632 elapsed_seconds=0.0043
2026-09-09 18:31:39,351 INFO BATCH HEARTBEAT batch_idx=4400 training=True samples=140832 elapsed_seconds=0.0051
2026-09-09 18:31:44,124 INFO BATCH HEARTBEAT batch_idx=4500 training=True samples=144032 elapsed_seconds=0.0052
2026-09-09 18:31:48,688 INFO BATCH HEARTBEAT batch_idx=4600 training=True samples=147232 elapsed_seconds=0.0047
2026-09-09 18:31:53,235 INFO BATCH HEARTBEAT batch_idx=4700 training=True samples=150432 elapsed_seconds=0.0045
2026-09-09 18:31:57,824 INFO BATCH HEARTBEAT batch_idx=4800 training=True samples=153632 elapsed_seconds=0.0055
2026-09-09 18:32:02,402 INFO BATCH HEARTBEAT batch_idx=4900 training=True samples=156832 elapsed_seconds=0.0046
2026-09-09 18:32:06,987 INFO BATCH HEARTBEAT batch_idx=5000 training=True samples=160032 elapsed_seconds=0.0041
2026-09-09 18:32:11,556 INFO BATCH HEARTBEAT batch_idx=5100 training=True samples=163232 elapsed_seconds=0.0045
2026-09-09 18:32:16,175 INFO BATCH HEARTBEAT batch_idx=5200 training=True samples=166432 elapsed_seconds=0.0045
2026-09-09 18:32:20,752 INFO BATCH HEARTBEAT batch_idx=5300 training=True samples=169632 elapsed_seconds=0.0050
2026-09-09 18:32:25,297 INFO BATCH HEARTBEAT batch_idx=5400 training=True samples=172832 elapsed_seconds=0.0051
2026-09-09 18:32:29,915 INFO BATCH HEARTBEAT batch_idx=5500 training=True samples=176032 elapsed_seconds=0.0045
2026-09-09 18:32:34,493 INFO BATCH HEARTBEAT batch_idx=5600 training=True samples=179232 elapsed_seconds=0.0044
2026-09-09 18:32:39,063 INFO BATCH HEARTBEAT batch_idx=5700 training=True samples=182432 elapsed_seconds=0.0055
2026-09-09 18:32:43,652 INFO BATCH HEARTBEAT batch_idx=5800 training=True samples=185632 elapsed_seconds=0.0045
2026-09-09 18:32:48,190 INFO BATCH HEARTBEAT batch_idx=5900 training=True samples=188832 elapsed_seconds=0.0043
2026-09-09 18:32:52,716 INFO BATCH HEARTBEAT batch_idx=6000 training=True samples=192032 elapsed_seconds=0.0047
2026-09-09 18:32:57,280 INFO BATCH HEARTBEAT batch_idx=6100 training=True samples=195232 elapsed_seconds=0.0053
2026-09-09 18:33:01,895 INFO BATCH HEARTBEAT batch_idx=6200 training=True samples=198432 elapsed_seconds=0.0046
2026-09-09 18:33:06,448 INFO BATCH HEARTBEAT batch_idx=6300 training=True samples=201632 elapsed_seconds=0.0059
2026-09-09 18:33:11,041 INFO BATCH HEARTBEAT batch_idx=6400 training=True samples=204832 elapsed_seconds=0.0050
2026-09-09 18:33:15,753 INFO BATCH HEARTBEAT batch_idx=6500 training=True samples=208032 elapsed_seconds=0.0045
2026-09-09 18:33:20,394 INFO BATCH HEARTBEAT batch_idx=6600 training=True samples=211232 elapsed_seconds=0.0049
2026-09-09 18:33:25,032 INFO BATCH HEARTBEAT batch_idx=6700 training=True samples=214432 elapsed_seconds=0.0064
2026-09-09 18:33:29,611 INFO BATCH HEARTBEAT batch_idx=6800 training=True samples=217632 elapsed_seconds=0.0052
2026-09-09 18:33:34,203 INFO BATCH HEARTBEAT batch_idx=6900 training=True samples=220832 elapsed_seconds=0.0044
2026-09-09 18:33:38,792 INFO BATCH HEARTBEAT batch_idx=7000 training=True samples=224032 elapsed_seconds=0.0045
2026-09-09 18:33:43,461 INFO BATCH HEARTBEAT batch_idx=7100 training=True samples=227232 elapsed_seconds=0.0046
2026-09-09 18:33:48,041 INFO BATCH HEARTBEAT batch_idx=7200 training=True samples=230432 elapsed_seconds=0.0051
2026-09-09 18:33:52,696 INFO BATCH HEARTBEAT batch_idx=7300 training=True samples=233632 elapsed_seconds=0.0051
2026-09-09 18:33:57,263 INFO BATCH HEARTBEAT batch_idx=7400 training=True samples=236832 elapsed_seconds=0.0047
2026-09-09 18:34:01,829 INFO BATCH HEARTBEAT batch_idx=7500 training=True samples=240032 elapsed_seconds=0.0048
2026-09-09 18:34:06,428 INFO BATCH HEARTBEAT batch_idx=7600 training=True samples=243232 elapsed_seconds=0.0049
2026-09-09 18:34:10,983 INFO BATCH HEARTBEAT batch_idx=7700 training=True samples=246432 elapsed_seconds=0.0046
2026-09-09 18:34:15,584 INFO BATCH HEARTBEAT batch_idx=7800 training=True samples=249632 elapsed_seconds=0.0045
2026-09-09 18:34:20,203 INFO BATCH HEARTBEAT batch_idx=7900 training=True samples=252832 elapsed_seconds=0.0047
2026-09-09 18:34:24,821 INFO BATCH HEARTBEAT batch_idx=8000 training=True samples=256032 elapsed_seconds=0.0043
2026-09-09 18:34:29,410 INFO BATCH HEARTBEAT batch_idx=8100 training=True samples=259232 elapsed_seconds=0.0054
2026-09-09 18:34:33,969 INFO BATCH HEARTBEAT batch_idx=8200 training=True samples=262432 elapsed_seconds=0.0046
2026-09-09 18:34:38,525 INFO BATCH HEARTBEAT batch_idx=8300 training=True samples=265632 elapsed_seconds=0.0044
2026-09-09 18:34:43,118 INFO BATCH HEARTBEAT batch_idx=8400 training=True samples=268832 elapsed_seconds=0.0046
2026-09-09 18:34:47,747 INFO BATCH HEARTBEAT batch_idx=8500 training=True samples=272032 elapsed_seconds=0.0049
2026-09-09 18:34:52,296 INFO BATCH HEARTBEAT batch_idx=8600 training=True samples=275232 elapsed_seconds=0.0046
2026-09-09 18:34:56,858 INFO BATCH HEARTBEAT batch_idx=8700 training=True samples=278432 elapsed_seconds=0.0043
2026-09-09 18:35:01,404 INFO BATCH HEARTBEAT batch_idx=8800 training=True samples=281632 elapsed_seconds=0.0043
2026-09-09 18:35:05,982 INFO BATCH HEARTBEAT batch_idx=8900 training=True samples=284832 elapsed_seconds=0.0046
2026-09-09 18:35:10,485 INFO BATCH HEARTBEAT batch_idx=9000 training=True samples=288032 elapsed_seconds=0.0046
2026-09-09 18:35:15,026 INFO BATCH HEARTBEAT batch_idx=9100 training=True samples=291232 elapsed_seconds=0.0048
2026-09-09 18:35:19,629 INFO BATCH HEARTBEAT batch_idx=9200 training=True samples=294432 elapsed_seconds=0.0044
2026-09-09 18:35:24,192 INFO BATCH HEARTBEAT batch_idx=9300 training=True samples=297632 elapsed_seconds=0.0041
2026-09-09 18:35:28,757 INFO BATCH HEARTBEAT batch_idx=9400 training=True samples=300832 elapsed_seconds=0.0054
2026-09-09 18:35:33,273 INFO BATCH HEARTBEAT batch_idx=9500 training=True samples=304032 elapsed_seconds=0.0051
2026-09-09 18:35:37,804 INFO BATCH HEARTBEAT batch_idx=9600 training=True samples=307232 elapsed_seconds=0.0049
2026-09-09 18:35:42,351 INFO BATCH HEARTBEAT batch_idx=9700 training=True samples=310432 elapsed_seconds=0.0051
2026-09-09 18:35:46,912 INFO BATCH HEARTBEAT batch_idx=9800 training=True samples=313632 elapsed_seconds=0.0046
2026-09-09 18:35:51,449 INFO BATCH HEARTBEAT batch_idx=9900 training=True samples=316832 elapsed_seconds=0.0041
2026-09-09 18:35:56,015 INFO BATCH HEARTBEAT batch_idx=10000 training=True samples=320032 elapsed_seconds=0.0054
2026-09-09 18:36:00,558 INFO BATCH HEARTBEAT batch_idx=10100 training=True samples=323232 elapsed_seconds=0.0046
2026-09-09 18:36:05,151 INFO BATCH HEARTBEAT batch_idx=10200 training=True samples=326432 elapsed_seconds=0.0051
2026-09-09 18:36:09,720 INFO BATCH HEARTBEAT batch_idx=10300 training=True samples=329632 elapsed_seconds=0.0043
2026-09-09 18:36:14,261 INFO BATCH HEARTBEAT batch_idx=10400 training=True samples=332832 elapsed_seconds=0.0045
2026-09-09 18:36:19,008 INFO BATCH HEARTBEAT batch_idx=10500 training=True samples=336032 elapsed_seconds=0.0043
2026-09-09 18:36:23,714 INFO BATCH HEARTBEAT batch_idx=10600 training=True samples=339232 elapsed_seconds=0.0065
2026-09-09 18:36:28,409 INFO BATCH HEARTBEAT batch_idx=10700 training=True samples=342432 elapsed_seconds=0.0051
2026-09-09 18:36:32,994 INFO BATCH HEARTBEAT batch_idx=10800 training=True samples=345632 elapsed_seconds=0.0042
2026-09-09 18:36:37,581 INFO BATCH HEARTBEAT batch_idx=10900 training=True samples=348832 elapsed_seconds=0.0042
2026-09-09 18:36:42,109 INFO BATCH HEARTBEAT batch_idx=11000 training=True samples=352032 elapsed_seconds=0.0047
2026-09-09 18:36:43,489 INFO run_epoch end training=True batches_seen=352366 loss_avg=0.586561
2026-09-09 18:36:43,490 INFO STAGE 12: validation epoch 3 start
2026-09-09 18:36:43,491 INFO run_epoch start training=False device=cuda max_batches=None
2026-09-09 18:36:43,533 INFO BATCH HEARTBEAT batch_idx=0 training=False samples=32 elapsed_seconds=0.0019
2026-09-09 18:36:47,277 INFO BATCH HEARTBEAT batch_idx=100 training=False samples=3232 elapsed_seconds=0.0020
2026-09-09 18:36:51,027 INFO BATCH HEARTBEAT batch_idx=200 training=False samples=6432 elapsed_seconds=0.0021
2026-09-09 18:36:54,518 INFO BATCH HEARTBEAT batch_idx=300 training=False samples=9632 elapsed_seconds=0.0019
2026-09-09 18:36:57,938 INFO BATCH HEARTBEAT batch_idx=400 training=False samples=12832 elapsed_seconds=0.0020
2026-09-09 18:37:01,378 INFO BATCH HEARTBEAT batch_idx=500 training=False samples=16032 elapsed_seconds=0.0018
2026-09-09 18:37:04,797 INFO BATCH HEARTBEAT batch_idx=600 training=False samples=19232 elapsed_seconds=0.0019
2026-09-09 18:37:08,193 INFO BATCH HEARTBEAT batch_idx=700 training=False samples=22432 elapsed_seconds=0.0018
2026-09-09 18:37:10,031 INFO run_epoch end training=False batches_seen=24119 loss_avg=18.129573
2026-09-09 18:37:10,032 INFO STAGE 13: scheduler step epoch 3
2026-09-09 18:37:10,032 INFO STAGE 14: checkpoint save start epoch 3 path=<machine-local-data-root>\github_datasets\So2Sat-LCZ42\experiment_v2_recovery\checkpoints\epoch_003.pt
2026-09-09 18:37:10,042 INFO STAGE 15: checkpoint save complete epoch 3
2026-09-09 18:37:10,042 INFO STAGE 16: no improvement epoch 3 stale_epochs=2
2026-09-09 18:37:10,042 INFO epoch=3 train_loss=0.5866 val_loss=18.1296 val_acc=0.2927 val_bal_acc=0.1888 val_macro_f1=0.1590 lr=0.000500
2026-09-09 18:37:10,042 INFO Early stopping triggered after 2 epochs without improvement in validation macro F1.
2026-09-09 18:37:10,042 INFO STAGE 17: writing training reports
2026-09-09 18:37:10,043 INFO training complete best_epoch=1 best_validation_macro_f1=0.3699 checkpoint=<machine-local-data-root>\github_datasets\So2Sat-LCZ42\experiment_v2_recovery\checkpoints\best_model.pt
